// Jest Snapshot v1, https://goo.gl/fbAQLP

exports[`landing component snapshot with Enzyme 1`] = `
<div>
  <div
    className="Header"
  >
    <img
      alt="logoMYtinerary"
      src="MYtineraryLogo.png"
    />
  </div>
  <div
    className="landFullPage"
  >
    <div
      className="halfPage"
    >
      <div
        className="landBody"
      >
        <h4>
          Find your perfect trip, designed by insiders who know and love their cities
        </h4>
        <h2>
          Start browsing
        </h2>
        <img
          alt="plane"
          src="world-icon.png"
        />
        <p>
          Want to build your own MYtinerary?
        </p>
        <div
          className="landLogin"
        >
          <p>
            Log in
          </p>
          <p>
            New Account
          </p>
        </div>
      </div>
    </div>
  </div>
  <div
    className="landFooter"
  >
    <img
      alt="home"
      src="homeIcon.png"
    />
  </div>
</div>
`;
